// Jest Snapshot v1, https://goo.gl/fbAQLP

exports[`<Home /> should render the Home view 1`] = `
<div>
  <div
    class="MuiGrid-root css-1g59nq7-MuiGrid-root"
    id="layout"
  >
    <aside
      class="MuiBox-root css-1sh5ndl"
    >
      <div
        class="css-1p5q5e5-MuiStack-root"
      >
        <div
          class="MuiBox-root css-0"
        >
          <span
            class="MuiTypography-root MuiTypography-overline css-b3fch5-MuiTypography-root"
          >
            Recruiter
          </span>
          <div
            class="css-zgbp5c-MuiStack-root"
          >
            <a
              href="/home"
              style="text-decoration: none;"
            >
              <button
                class="MuiButton-root MuiButton-text MuiButton-textPrimary MuiButton-sizeMedium MuiButton-textSizeMedium MuiButton-fullWidth MuiButtonBase-root css-123r6k2-MuiButtonBase-root-MuiButton-root"
                tabindex="0"
                type="button"
              >
                <span
                  class="MuiButton-startIcon MuiButton-iconSizeMedium css-gcc2o7-MuiButton-startIcon"
                >
                  <svg
                    fill="currentColor"
                    height="1em"
                    stroke="currentColor"
                    stroke-width="0"
                    viewBox="0 0 24 24"
                    width="1em"
                    xmlns="http://www.w3.org/2000/svg"
                  >
                    <g>
                      <path
                        d="M0 0h24v24H0z"
                        fill="none"
                      />
                      <path
                        d="M3 21a1 1 0 0 1-1-1V4a1 1 0 0 1 1-1h7.414l2 2H20a1 1 0 0 1 1 1v3h-2V7h-7.414l-2-2H4v11.998L5.5 11h17l-2.31 9.243a1 1 0 0 1-.97.757H3zm16.938-8H7.062l-1.5 6h12.876l1.5-6z"
                      />
                    </g>
                  </svg>
                </span>
                Job Requisitions
              </button>
            </a>
            <a
              href="/applicants"
              style="text-decoration: none;"
            >
              <button
                class="MuiButton-root MuiButton-text MuiButton-textPrimary MuiButton-sizeMedium MuiButton-textSizeMedium MuiButton-fullWidth MuiButtonBase-root css-123r6k2-MuiButtonBase-root-MuiButton-root"
                tabindex="0"
                type="button"
              >
                <span
                  class="MuiButton-startIcon MuiButton-iconSizeMedium css-gcc2o7-MuiButton-startIcon"
                >
                  <svg
                    fill="currentColor"
                    height="1em"
                    stroke="currentColor"
                    stroke-width="0"
                    viewBox="0 0 24 24"
                    width="1em"
                    xmlns="http://www.w3.org/2000/svg"
                  >
                    <g>
                      <path
                        d="M0 0h24v24H0z"
                        fill="none"
                      />
                      <path
                        d="M2 22a8 8 0 1 1 16 0h-2a6 6 0 1 0-12 0H2zm8-9c-3.315 0-6-2.685-6-6s2.685-6 6-6 6 2.685 6 6-2.685 6-6 6zm0-2c2.21 0 4-1.79 4-4s-1.79-4-4-4-4 1.79-4 4 1.79 4 4 4zm8.284 3.703A8.002 8.002 0 0 1 23 22h-2a6.001 6.001 0 0 0-3.537-5.473l.82-1.824zm-.688-11.29A5.5 5.5 0 0 1 21 8.5a5.499 5.499 0 0 1-5 5.478v-2.013a3.5 3.5 0 0 0 1.041-6.609l.555-1.943z"
                      />
                    </g>
                  </svg>
                </span>
                Applicants
              </button>
            </a>
            <a
              href="/reports"
              style="text-decoration: none;"
            >
              <button
                class="MuiButton-root MuiButton-text MuiButton-textPrimary MuiButton-sizeMedium MuiButton-textSizeMedium MuiButton-fullWidth MuiButtonBase-root css-123r6k2-MuiButtonBase-root-MuiButton-root"
                tabindex="0"
                type="button"
              >
                <span
                  class="MuiButton-startIcon MuiButton-iconSizeMedium css-gcc2o7-MuiButton-startIcon"
                >
                  <svg
                    fill="currentColor"
                    height="1em"
                    stroke="currentColor"
                    stroke-width="0"
                    viewBox="0 0 24 24"
                    width="1em"
                    xmlns="http://www.w3.org/2000/svg"
                  >
                    <g>
                      <path
                        d="M0 0H24V24H0z"
                        fill="none"
                      />
                      <path
                        d="M12 2c5.523 0 10 4.477 10 10s-4.477 10-10 10S2 17.523 2 12 6.477 2 12 2zm0 2c-4.418 0-8 3.582-8 8s3.582 8 8 8 8-3.582 8-8-3.582-8-8-8zm0 1c1.018 0 1.985.217 2.858.608L13.295 7.17C12.882 7.06 12.448 7 12 7c-2.761 0-5 2.239-5 5 0 1.38.56 2.63 1.464 3.536L7.05 16.95l-.156-.161C5.72 15.537 5 13.852 5 12c0-3.866 3.134-7 7-7zm6.392 4.143c.39.872.608 1.84.608 2.857 0 1.933-.784 3.683-2.05 4.95l-1.414-1.414C16.44 14.63 17 13.38 17 12c0-.448-.059-.882-.17-1.295l1.562-1.562zm-2.15-2.8l1.415 1.414-3.724 3.726c.044.165.067.338.067.517 0 1.105-.895 2-2 2s-2-.895-2-2 .895-2 2-2c.179 0 .352.023.517.067l3.726-3.724z"
                      />
                    </g>
                  </svg>
                </span>
                Reports
              </button>
            </a>
          </div>
        </div>
        <div
          class="MuiBox-root css-0"
        >
          <span
            class="MuiTypography-root MuiTypography-overline css-b3fch5-MuiTypography-root"
          >
            Company
          </span>
          <div
            class="css-zgbp5c-MuiStack-root"
          >
            <a
              href="/job"
              style="text-decoration: none;"
            >
              <button
                class="MuiButton-root MuiButton-text MuiButton-textPrimary MuiButton-sizeMedium MuiButton-textSizeMedium MuiButton-fullWidth MuiButtonBase-root css-123r6k2-MuiButtonBase-root-MuiButton-root"
                tabindex="0"
                type="button"
              >
                <span
                  class="MuiButton-startIcon MuiButton-iconSizeMedium css-gcc2o7-MuiButton-startIcon"
                >
                  <svg
                    fill="currentColor"
                    height="1em"
                    stroke="currentColor"
                    stroke-width="0"
                    viewBox="0 0 24 24"
                    width="1em"
                    xmlns="http://www.w3.org/2000/svg"
                  >
                    <g>
                      <path
                        d="M0 0h24v24H0z"
                        fill="none"
                      />
                      <path
                        d="M3 21a1 1 0 0 1-1-1V4a1 1 0 0 1 1-1h7.414l2 2H20a1 1 0 0 1 1 1v3h-2V7h-7.414l-2-2H4v11.998L5.5 11h17l-2.31 9.243a1 1 0 0 1-.97.757H3zm16.938-8H7.062l-1.5 6h12.876l1.5-6z"
                      />
                    </g>
                  </svg>
                </span>
                Job Requisitions
              </button>
            </a>
            <a
              href="/applicants"
              style="text-decoration: none;"
            >
              <button
                class="MuiButton-root MuiButton-text MuiButton-textPrimary MuiButton-sizeMedium MuiButton-textSizeMedium MuiButton-fullWidth MuiButtonBase-root css-123r6k2-MuiButtonBase-root-MuiButton-root"
                tabindex="0"
                type="button"
              >
                <span
                  class="MuiButton-startIcon MuiButton-iconSizeMedium css-gcc2o7-MuiButton-startIcon"
                >
                  <svg
                    fill="currentColor"
                    height="1em"
                    stroke="currentColor"
                    stroke-width="0"
                    viewBox="0 0 24 24"
                    width="1em"
                    xmlns="http://www.w3.org/2000/svg"
                  >
                    <g>
                      <path
                        d="M0 0h24v24H0z"
                        fill="none"
                      />
                      <path
                        d="M2 22a8 8 0 1 1 16 0h-2a6 6 0 1 0-12 0H2zm8-9c-3.315 0-6-2.685-6-6s2.685-6 6-6 6 2.685 6 6-2.685 6-6 6zm0-2c2.21 0 4-1.79 4-4s-1.79-4-4-4-4 1.79-4 4 1.79 4 4 4zm8.284 3.703A8.002 8.002 0 0 1 23 22h-2a6.001 6.001 0 0 0-3.537-5.473l.82-1.824zm-.688-11.29A5.5 5.5 0 0 1 21 8.5a5.499 5.499 0 0 1-5 5.478v-2.013a3.5 3.5 0 0 0 1.041-6.609l.555-1.943z"
                      />
                    </g>
                  </svg>
                </span>
                Applicants
              </button>
            </a>
            <a
              href="/reports"
              style="text-decoration: none;"
            >
              <button
                class="MuiButton-root MuiButton-text MuiButton-textPrimary MuiButton-sizeMedium MuiButton-textSizeMedium MuiButton-fullWidth MuiButtonBase-root css-123r6k2-MuiButtonBase-root-MuiButton-root"
                tabindex="0"
                type="button"
              >
                <span
                  class="MuiButton-startIcon MuiButton-iconSizeMedium css-gcc2o7-MuiButton-startIcon"
                >
                  <svg
                    fill="currentColor"
                    height="1em"
                    stroke="currentColor"
                    stroke-width="0"
                    viewBox="0 0 24 24"
                    width="1em"
                    xmlns="http://www.w3.org/2000/svg"
                  >
                    <g>
                      <path
                        d="M0 0H24V24H0z"
                        fill="none"
                      />
                      <path
                        d="M12 2c5.523 0 10 4.477 10 10s-4.477 10-10 10S2 17.523 2 12 6.477 2 12 2zm0 2c-4.418 0-8 3.582-8 8s3.582 8 8 8 8-3.582 8-8-3.582-8-8-8zm0 1c1.018 0 1.985.217 2.858.608L13.295 7.17C12.882 7.06 12.448 7 12 7c-2.761 0-5 2.239-5 5 0 1.38.56 2.63 1.464 3.536L7.05 16.95l-.156-.161C5.72 15.537 5 13.852 5 12c0-3.866 3.134-7 7-7zm6.392 4.143c.39.872.608 1.84.608 2.857 0 1.933-.784 3.683-2.05 4.95l-1.414-1.414C16.44 14.63 17 13.38 17 12c0-.448-.059-.882-.17-1.295l1.562-1.562zm-2.15-2.8l1.415 1.414-3.724 3.726c.044.165.067.338.067.517 0 1.105-.895 2-2 2s-2-.895-2-2 .895-2 2-2c.179 0 .352.023.517.067l3.726-3.724z"
                      />
                    </g>
                  </svg>
                </span>
                Reports
              </button>
            </a>
          </div>
        </div>
      </div>
    </aside>
    <div
      class="MuiBox-root css-0"
    >
      <header
        class="MuiBox-root css-12bcz1"
      >
        <div
          class="MuiBox-root css-10klw3m"
        >
          <h4
            class="MuiTypography-root MuiTypography-h4 css-1os466w-MuiTypography-root"
          >
            Title
          </h4>
        </div>
      </header>
      <main
        class="MuiBox-root css-i6bazn"
      >
        <h1>
          Home
        </h1>
      </main>
    </div>
  </div>
</div>
`;
